<h1 data-x="&lt;&amp;a ''&amp;ac;">Hello World 2</h1><script defer src="/beacon.min.js" data-cf-beacon='{"version":"2022.11.3","token":"5c2880733a3347458426171ca8b905db"}'></script>